// Jest Snapshot v1, https://goo.gl/fbAQLP

exports[`<Navbutton /> Should take a snapshot 1`] = `
<DocumentFragment>
  <div
    class="sc-bdvvtL hpipGf"
    data-testid="nav-button"
    id="nav-button-id"
  >
    <span
      class="sc-gsDKAQ izrzXn"
      data-testid="nav-text"
    >
      Your Picks
    </span>
  </div>
</DocumentFragment>
`;
