// Jest Snapshot v1, https://goo.gl/fbAQLP

exports[`<Tag /> Should take a snapshot 1`] = `
<DocumentFragment>
  <span
    class="sc-bdvvtL goAmab"
    data-testid="tag-wrapper"
    id="tag"
  >
    SUITS YOU
  </span>
</DocumentFragment>
`;
