// Jest Snapshot v1, https://goo.gl/fbAQLP

exports[`<Divider /> Should take a snapshot 1`] = `
<DocumentFragment>
  <div
    class="sc-bdvvtL kyJzQe"
    data-testid="divider-test"
    id="swatch"
  />
</DocumentFragment>
`;
